Executing SQL:
SELECT 
            f.flightId, f.is_active, f.origin, 
            f.flightDepartureDate AS Start, f.returnDepartureDate AS End,
            CONCAT(
                IF(e.lName IS NOT NULL AND e.lName != '', CONCAT(e.lName, ', '), ''),
                e.fName,
                IF(e.mName IS NOT NULL AND e.mName != '' AND e.lName IS NOT NULL AND e.lName != '', CONCAT(' ', LEFT(e.mName, 1)), '')
            ) AS TeamOP,
            e.colorCode, 
            f.availSeats AS FlightSeat, 
            GREATEST(f.availSeats - IFNULL(SUM(CASE 
              WHEN (b.status = 'Confirmed' OR b.status = 'Reserved') 
              AND b.bookingType = 'Package' THEN b.pax ELSE 0 END), 0), 0) AS AvailSeats, 
            IF((f.availSeats - IFNULL(SUM(CASE WHEN (b.status = 'Confirmed' OR b.status = 'Reserved') 
              AND b.bookingType = 'Package' THEN b.pax ELSE 0 END), 0)) < 0, 
              ABS(f.availSeats - IFNULL(SUM(CASE WHEN (b.status = 'Confirmed' OR b.status = 'Reserved') 
                AND b.bookingType = 'Package' THEN b.pax ELSE 0 END), 0)), 0) AS AdditionalSeats,
            SUM(CASE WHEN (b.status = 'Confirmed' OR b.status = 'Reserved') AND b.bookingType = 'Package' 
              AND (a.agentType = 'Retailer' OR c.clientType = 'Retailer') THEN b.pax ELSE 0 END) AS `Air+Land`,
            SUM(CASE WHEN (b.status = 'Confirmed' OR b.status = 'Reserved') AND b.bookingType = 'Package' 
              AND (a.agentType = 'Wholeseller' OR c.clientType = 'Wholeseller') THEN b.pax ELSE 0 END) AS `LandOnly`,
            f.wholesalePrice AS WholesalePrice, f.flightPrice AS RetailPrice, f.landPrice AS landPrice,

            IFNULL(SUM(CASE WHEN b.bookingType = 'Package' 
                AND (b.status = 'Confirmed' OR b.status = 'Reserved') 
                AND (a.agentCode = 'BU1' OR c.clientCode = 'BU1') 
                AND (a.agentType = 'Retailer' OR c.clientType = 'Retailer') 
                THEN b.pax ELSE 0 END), 0) AS `BU1_AL`,

            IFNULL(SUM(CASE WHEN b.bookingType = 'Package' 
                AND (b.status = 'Confirmed' OR b.status = 'Reserved') 
                AND (a.agentCode = 'BU1' OR c.clientCode = 'BU1') 
                AND (a.agentType = 'Wholeseller' OR c.clientType = 'Wholeseller') 
                THEN b.pax ELSE 0 END), 0) AS `BU1_LO`,

            IFNULL(SUM(CASE WHEN b.bookingType = 'Package' 
                AND (b.status = 'Confirmed' OR b.status = 'Reserved') 
                AND (a.agentCode = 'BU2' OR c.clientCode = 'BU2') 
                AND (a.agentType = 'Retailer' OR c.clientType = 'Retailer') 
                THEN b.pax ELSE 0 END), 0) AS `BU2_AL`,

            IFNULL(SUM(CASE WHEN b.bookingType = 'Package' 
                AND (b.status = 'Confirmed' OR b.status = 'Reserved') 
                AND (a.agentCode = 'BU2' OR c.clientCode = 'BU2') 
                AND (a.agentType = 'Wholeseller' OR c.clientType = 'Wholeseller') 
                THEN b.pax ELSE 0 END), 0) AS `BU2_LO`,

            IFNULL(SUM(CASE WHEN b.bookingType = 'Package' 
                AND (b.status = 'Confirmed' OR b.status = 'Reserved') 
                AND (a.agentCode = 'BU3' OR c.clientCode = 'BU3') 
                AND (a.agentType = 'Retailer' OR c.clientType = 'Retailer') 
                THEN b.pax ELSE 0 END), 0) AS `BU3_AL`,

            IFNULL(SUM(CASE WHEN b.bookingType = 'Package' 
                AND (b.status = 'Confirmed' OR b.status = 'Reserved') 
                AND (a.agentCode = 'BU3' OR c.clientCode = 'BU3') 
                AND (a.agentType = 'Wholeseller' OR c.clientType = 'Wholeseller') 
                THEN b.pax ELSE 0 END), 0) AS `BU3_LO`,

            IFNULL(SUM(CASE WHEN b.bookingType = 'Package' 
                AND (b.status = 'Confirmed' OR b.status = 'Reserved') 
                AND (a.agentCode = 'BU4' OR c.clientCode = 'BU4') 
                AND (a.agentType = 'Retailer' OR c.clientType = 'Retailer') 
                THEN b.pax ELSE 0 END), 0) AS `BU4_AL`,

            IFNULL(SUM(CASE WHEN b.bookingType = 'Package' 
                AND (b.status = 'Confirmed' OR b.status = 'Reserved') 
                AND (a.agentCode = 'BU4' OR c.clientCode = 'BU4') 
                AND (a.agentType = 'Wholeseller' OR c.clientType = 'Wholeseller') 
                THEN b.pax ELSE 0 END), 0) AS `BU4_LO`,

            IFNULL(SUM(CASE WHEN b.bookingType = 'Package' 
                AND (b.status = 'Confirmed' OR b.status = 'Reserved') 
                AND (a.agentCode = 'BU5' OR c.clientCode = 'BU5') 
                AND (a.agentType = 'Retailer' OR c.clientType = 'Retailer') 
                THEN b.pax ELSE 0 END), 0) AS `BU5_AL`,

            IFNULL(SUM(CASE WHEN b.bookingType = 'Package' 
                AND (b.status = 'Confirmed' OR b.status = 'Reserved') 
                AND (a.agentCode = 'BU5' OR c.clientCode = 'BU5') 
                AND (a.agentType = 'Wholeseller' OR c.clientType = 'Wholeseller') 
                THEN b.pax ELSE 0 END), 0) AS `BU5_LO`,

            IFNULL(SUM(CASE WHEN b.bookingType = 'Package' 
                AND (b.status = 'Confirmed' OR b.status = 'Reserved') 
                AND (a.agentCode = 'BU6' OR c.clientCode = 'BU6') 
                AND (a.agentType = 'Retailer' OR c.clientType = 'Retailer') 
                THEN b.pax ELSE 0 END), 0) AS `BU6_AL`,

            IFNULL(SUM(CASE WHEN b.bookingType = 'Package' 
                AND (b.status = 'Confirmed' OR b.status = 'Reserved') 
                AND (a.agentCode = 'BU6' OR c.clientCode = 'BU6') 
                AND (a.agentType = 'Wholeseller' OR c.clientType = 'Wholeseller') 
                THEN b.pax ELSE 0 END), 0) AS `BU6_LO`,

            IFNULL(SUM(CASE WHEN b.bookingType = 'Package' 
                AND (b.status = 'Confirmed' OR b.status = 'Reserved') 
                AND (a.agentCode = 'BU7' OR c.clientCode = 'BU7') 
                AND (a.agentType = 'Retailer' OR c.clientType = 'Retailer') 
                THEN b.pax ELSE 0 END), 0) AS `BU7_AL`,

            IFNULL(SUM(CASE WHEN b.bookingType = 'Package' 
                AND (b.status = 'Confirmed' OR b.status = 'Reserved') 
                AND (a.agentCode = 'BU7' OR c.clientCode = 'BU7') 
                AND (a.agentType = 'Wholeseller' OR c.clientType = 'Wholeseller') 
                THEN b.pax ELSE 0 END), 0) AS `BU7_LO`
        FROM employee e
        RIGHT JOIN flight f ON f.employeeId = e.employeeId
        LEFT JOIN booking b ON b.flightId = f.flightId
        LEFT JOIN package p ON f.packageId = p.packageId
        LEFT JOIN agent a ON b.accountType = 'Agent' AND b.accountId = a.accountId
        LEFT JOIN client c ON b.accountType = 'Client' AND b.accountId = c.accountId
        WHERE f.flightDepartureDate >= CURDATE()
        GROUP BY f.flightId
        ORDER BY f.flightDepartureDate

